// Jest Snapshot v1, https://goo.gl/fbAQLP

exports[`ModalActionBar should render ModalActionBar.vue 1`] = `
<div class="box-btn modal-actions">
  <a-button-stub type="default"></a-button-stub>
  <a-button-stub type="default"></a-button-stub>
  <!--v-if-->
  <a-button-stub type="default" disabled="false"></a-button-stub>
  <a-button-stub type="link" ghost="" class="modal-actions__close-btn"></a-button-stub>
</div>
`;
