// Jest Snapshot v1, https://goo.gl/fbAQLP

exports[`Header should display header text 1`] = `
<header class="header">
  <div class="container">
    <div class="header__breadcrumb">
      <!---->
    </div>
    <div class="header__content"></div>
    <div class="header__account u-pl-24">
      <!---->
    </div>
  </div>
</header>
`;
